


ARM Macro Assembler    Page 1 


    1 00000000                 AREA             RESET,DATA,READONLY
    2 00000000                 EXPORT           __Vectors
    3 00000000         __Vectors
    4 00000000 10001000        DCD              0x10001000
    5 00000004 00000000        DCD              Reset_Handler
    6 00000008                 ALIGN
    7 00000008                 AREA             mycode,CODE,READONLY
    8 00000000                 ENTRY
    9 00000000                 EXPORT           Reset_Handler
   10 00000000         Reset_Handler
   11 00000000 4811            LDR              R0,= N1
   12 00000002 4912            LDR              R1,= N2
   13 00000004 F04F 0204       MOV              R2, #4
   14 00000008 4E11            LDR              R6,= Result
   15 0000000A         UP
   16 0000000A F850 3B04       LDR              R3,[R0],#4
   17 0000000E F851 4B04       LDR              R4,[R1],#4
   18 00000012 EB53 0504       ADCS             R5,R3,R4
   19 00000016 F846 5B04       STR              R5,[R6],#4
   20 0000001A F1A2 0201       SUB              R2,#1
   21 0000001E F092 0F00       TEQ              R2,#0
   22 00000022 D1F2            BNE              UP
   23 00000024         STOP
   24 00000024 E7FE            B                STOP
   25 00000026 00 00 12345678 
              12345678 
              AABBCCDD 
              EEFFFFFF N1      DCD              0x12345678, 0x12345678, 0xAABBC
CDD, 0xEEFFFFFF
   26 00000038 87654321 
              98765432 
              DDCCBBAA 
              FFFFFFFF N2      DCD              0x87654321, 0x98765432, 0xDDCCB
BAA, 0xFFFFFFFF
   27 00000048 00000000 
              00000000 
              00000000         AREA             mydata,DATA,READWRITE
   28 00000000 00000000 
                       Result  DCD              0
   29 00000004                 END
Command Line: --debug --xref --cpu=Cortex-M3 --apcs=interwork --depend=Q2.d -oQ
2.o -IC:\Keil\ARM\RV31\INC -IC:\Keil\ARM\CMSIS\Include -IC:\Keil\ARM\Inc\NXP\LP
C17xx --predefine="__EVAL SETA 1" --list=Q2.lst Q2.asm



ARM Macro Assembler    Page 1 Alphabetic symbol ordering
Relocatable symbols

RESET 00000000

Symbol: RESET
   Definitions
      At line 1 in file Q2.asm
   Uses
      None
Comment: RESET unused
__Vectors 00000000

Symbol: __Vectors
   Definitions
      At line 3 in file Q2.asm
   Uses
      At line 2 in file Q2.asm
Comment: __Vectors used once
2 symbols



ARM Macro Assembler    Page 1 Alphabetic symbol ordering
Relocatable symbols

N1 00000028

Symbol: N1
   Definitions
      At line 25 in file Q2.asm
   Uses
      At line 11 in file Q2.asm
Comment: N1 used once
N2 00000038

Symbol: N2
   Definitions
      At line 26 in file Q2.asm
   Uses
      At line 12 in file Q2.asm
Comment: N2 used once
Reset_Handler 00000000

Symbol: Reset_Handler
   Definitions
      At line 10 in file Q2.asm
   Uses
      At line 5 in file Q2.asm
      At line 9 in file Q2.asm

STOP 00000024

Symbol: STOP
   Definitions
      At line 23 in file Q2.asm
   Uses
      At line 24 in file Q2.asm
Comment: STOP used once
UP 0000000A

Symbol: UP
   Definitions
      At line 15 in file Q2.asm
   Uses
      At line 22 in file Q2.asm
Comment: UP used once
mycode 00000000

Symbol: mycode
   Definitions
      At line 7 in file Q2.asm
   Uses
      None
Comment: mycode unused
6 symbols



ARM Macro Assembler    Page 1 Alphabetic symbol ordering
Relocatable symbols

Result 00000000

Symbol: Result
   Definitions
      At line 28 in file Q2.asm
   Uses
      At line 14 in file Q2.asm
Comment: Result used once
mydata 00000000

Symbol: mydata
   Definitions
      At line 27 in file Q2.asm
   Uses
      None
Comment: mydata unused
2 symbols
343 symbols in table
